{
  "version": "1.5.0",
  "plugins_used": [
    {
      "name": "ArtifactoryDetector"
    },
    {
      "name": "AWSKeyDetector"
    },
    {
      "name": "AzureStorageKeyDetector"
    },
    {
      "name": "Base64HighEntropyString",
      "limit": 4.5
    },
    {
      "name": "BasicAuthDetector"
    },
    {
      "name": "CloudantDetector"
    },
    {
      "name": "DiscordBotTokenDetector"
    },
    {
      "name": "GitHubTokenDetector"
    },
    {
      "name": "GitLabTokenDetector"
    },
    {
      "name": "HexHighEntropyString",
      "limit": 3.0
    },
    {
      "name": "IbmCloudIamDetector"
    },
    {
      "name": "IbmCosHmacDetector"
    },
    {
      "name": "IPPublicDetector"
    },
    {
      "name": "JwtTokenDetector"
    },
    {
      "name": "KeywordDetector",
      "keyword_exclude": ""
    },
    {
      "name": "MailchimpDetector"
    },
    {
      "name": "NpmDetector"
    },
    {
      "name": "OpenAIDetector"
    },
    {
      "name": "PrivateKeyDetector"
    },
    {
      "name": "PypiTokenDetector"
    },
    {
      "name": "SendGridDetector"
    },
    {
      "name": "SlackDetector"
    },
    {
      "name": "SoftlayerDetector"
    },
    {
      "name": "SquareOAuthDetector"
    },
    {
      "name": "StripeDetector"
    },
    {
      "name": "TelegramBotTokenDetector"
    },
    {
      "name": "TwilioKeyDetector"
    }
  ],
  "filters_used": [
    {
      "path": "detect_secrets.filters.allowlist.is_line_allowlisted"
    },
    {
      "path": "detect_secrets.filters.common.is_ignored_due_to_verification_policies",
      "min_level": 2
    },
    {
      "path": "detect_secrets.filters.heuristic.is_indirect_reference"
    },
    {
      "path": "detect_secrets.filters.heuristic.is_likely_id_string"
    },
    {
      "path": "detect_secrets.filters.heuristic.is_lock_file"
    },
    {
      "path": "detect_secrets.filters.heuristic.is_not_alphanumeric_string"
    },
    {
      "path": "detect_secrets.filters.heuristic.is_potential_uuid"
    },
    {
      "path": "detect_secrets.filters.heuristic.is_prefixed_with_dollar_sign"
    },
    {
      "path": "detect_secrets.filters.heuristic.is_sequential_string"
    },
    {
      "path": "detect_secrets.filters.heuristic.is_swagger_file"
    },
    {
      "path": "detect_secrets.filters.heuristic.is_templated_secret"
    },
    {
      "path": "detect_secrets.filters.regex.should_exclude_file",
      "pattern": [
        "^(go\\.sum|.*\\.lock)$"
      ]
    }
  ],
  "results": {
    "ansible/inventory.yml.example": [
      {
        "type": "Secret Keyword",
        "filename": "ansible/inventory.yml.example",
        "hashed_secret": "c30c2b661f287c17694f00405ba79dbbb7331205",
        "is_verified": false,
        "line_number": 12
      }
    ],
    "daemon/docs/docs.go": [
      {
        "type": "Hex High Entropy String",
        "filename": "daemon/docs/docs.go",
        "hashed_secret": "90bd1b48e958257948487b90bee080ba5ed00caa",
        "is_verified": false,
        "line_number": 5733
      },
      {
        "type": "Hex High Entropy String",
        "filename": "daemon/docs/docs.go",
        "hashed_secret": "9eef110c706799e7b6f5fd2bfe93ee23e48489d6",
        "is_verified": false,
        "line_number": 6491
      },
      {
        "type": "Base64 High Entropy String",
        "filename": "daemon/docs/docs.go",
        "hashed_secret": "8738d2434213cdbf7853f7dd242689ba9603f12d",
        "is_verified": false,
        "line_number": 11013
      }
    ],
    "daemon/domain/config_test.go": [
      {
        "type": "Secret Keyword",
        "filename": "daemon/domain/config_test.go",
        "hashed_secret": "9d4e1e23bd5b727046a9e3b4b7db57bd8d6ee684",
        "is_verified": false,
        "line_number": 87
      }
    ],
    "daemon/dto/agent_test.go": [
      {
        "type": "Secret Keyword",
        "filename": "daemon/dto/agent_test.go",
        "hashed_secret": "5734871322c1a4c0f773fb16cf89c1088b655d88",
        "is_verified": false,
        "line_number": 11
      }
    ],
    "daemon/dto/docker.go": [
      {
        "type": "Hex High Entropy String",
        "filename": "daemon/dto/docker.go",
        "hashed_secret": "90bd1b48e958257948487b90bee080ba5ed00caa",
        "is_verified": false,
        "line_number": 14
      }
    ],
    "daemon/dto/hardware.go": [
      {
        "type": "Hex High Entropy String",
        "filename": "daemon/dto/hardware.go",
        "hashed_secret": "9eef110c706799e7b6f5fd2bfe93ee23e48489d6",
        "is_verified": false,
        "line_number": 25
      }
    ],
    "daemon/dto/health_report.go": [
      {
        "type": "Hex High Entropy String",
        "filename": "daemon/dto/health_report.go",
        "hashed_secret": "90bd1b48e958257948487b90bee080ba5ed00caa",
        "is_verified": false,
        "line_number": 8
      }
    ],
    "daemon/dto/mqtt_test.go": [
      {
        "type": "Secret Keyword",
        "filename": "daemon/dto/mqtt_test.go",
        "hashed_secret": "a5face29427e24d22bdd03fcba4d6ed32cb26879",
        "is_verified": false,
        "line_number": 321
      }
    ],
    "daemon/dto/zfs.go": [
      {
        "type": "Base64 High Entropy String",
        "filename": "daemon/dto/zfs.go",
        "hashed_secret": "8738d2434213cdbf7853f7dd242689ba9603f12d",
        "is_verified": false,
        "line_number": 78
      }
    ],
    "daemon/lib/dmidecode_test.go": [
      {
        "type": "Hex High Entropy String",
        "filename": "daemon/lib/dmidecode_test.go",
        "hashed_secret": "c6cf4d0bbb9fb73fb89afea9ae8187f63f915d51",
        "is_verified": false,
        "line_number": 407
      },
      {
        "type": "Hex High Entropy String",
        "filename": "daemon/lib/dmidecode_test.go",
        "hashed_secret": "9eef110c706799e7b6f5fd2bfe93ee23e48489d6",
        "is_verified": false,
        "line_number": 538
      }
    ],
    "daemon/lib/emhttp_test.go": [
      {
        "type": "Hex High Entropy String",
        "filename": "daemon/lib/emhttp_test.go",
        "hashed_secret": "d59c5ca85a09d17eafdcdcceeb2d99be77d02a48",
        "is_verified": false,
        "line_number": 136
      }
    ],
    "daemon/lib/redact_test.go": [
      {
        "type": "Secret Keyword",
        "filename": "daemon/lib/redact_test.go",
        "hashed_secret": "91cc2e927b3bfb1d4477b744f7c70221ddb86ef1",
        "is_verified": false,
        "line_number": 25
      },
      {
        "type": "Secret Keyword",
        "filename": "daemon/lib/redact_test.go",
        "hashed_secret": "3baa30025b9e1971c26fb0163e26bb1af4a3333d",
        "is_verified": false,
        "line_number": 26
      },
      {
        "type": "Secret Keyword",
        "filename": "daemon/lib/redact_test.go",
        "hashed_secret": "117ec720ea4b96702ba69fad917ef776ef5efe4e",
        "is_verified": false,
        "line_number": 35
      },
      {
        "type": "Secret Keyword",
        "filename": "daemon/lib/redact_test.go",
        "hashed_secret": "f3bbbd66a63d4bf1747940578ec3d0103530e21d",
        "is_verified": false,
        "line_number": 36
      },
      {
        "type": "Basic Auth Credentials",
        "filename": "daemon/lib/redact_test.go",
        "hashed_secret": "ee977806d7286510da8b9a7492ba58e2484c0ecc",
        "is_verified": false,
        "line_number": 68
      },
      {
        "type": "Secret Keyword",
        "filename": "daemon/lib/redact_test.go",
        "hashed_secret": "da137ba3a666349579cc28e8768adad17ce96675",
        "is_verified": false,
        "line_number": 106
      }
    ],
    "daemon/lib/validation_test.go": [
      {
        "type": "Hex High Entropy String",
        "filename": "daemon/lib/validation_test.go",
        "hashed_secret": "4f05e97c1b90acf87cef581f2f0b5a76c73a9c4e",
        "is_verified": false,
        "line_number": 136
      },
      {
        "type": "Hex High Entropy String",
        "filename": "daemon/lib/validation_test.go",
        "hashed_secret": "6ac564865502fc7230c93e385dc9a1f884417510",
        "is_verified": false,
        "line_number": 153
      }
    ],
    "daemon/services/agent/bootstrap.go": [
      {
        "type": "Secret Keyword",
        "filename": "daemon/services/agent/bootstrap.go",
        "hashed_secret": "011e51804fb532a0fba8e94e55cc29aba91d6b79",
        "is_verified": false,
        "line_number": 22
      },
      {
        "type": "Secret Keyword",
        "filename": "daemon/services/agent/bootstrap.go",
        "hashed_secret": "a62f2225bf70bfaccbc7f1ef2a397836717377de",
        "is_verified": false,
        "line_number": 52
      }
    ],
    "daemon/services/agent/bootstrap_test.go": [
      {
        "type": "Secret Keyword",
        "filename": "daemon/services/agent/bootstrap_test.go",
        "hashed_secret": "f7f4de3f0002dadd5c12895eb508b7c20be78b7b",
        "is_verified": false,
        "line_number": 42
      }
    ],
    "daemon/services/agent/tools/registry_test.go": [
      {
        "type": "Hex High Entropy String",
        "filename": "daemon/services/agent/tools/registry_test.go",
        "hashed_secret": "90bd1b48e958257948487b90bee080ba5ed00caa",
        "is_verified": false,
        "line_number": 42
      }
    ],
    "daemon/services/api/handlers_cache_test.go": [
      {
        "type": "Hex High Entropy String",
        "filename": "daemon/services/api/handlers_cache_test.go",
        "hashed_secret": "90bd1b48e958257948487b90bee080ba5ed00caa",
        "is_verified": false,
        "line_number": 39
      },
      {
        "type": "Hex High Entropy String",
        "filename": "daemon/services/api/handlers_cache_test.go",
        "hashed_secret": "ddac9d88c224b59388ab6552b5531130c71e0264",
        "is_verified": false,
        "line_number": 40
      }
    ],
    "daemon/services/api/handlers_operations_test.go": [
      {
        "type": "Hex High Entropy String",
        "filename": "daemon/services/api/handlers_operations_test.go",
        "hashed_secret": "c4bb0105f068258c1b685f222fc4bf606acb152a",
        "is_verified": false,
        "line_number": 39
      }
    ],
    "daemon/services/api/health_report_test.go": [
      {
        "type": "Hex High Entropy String",
        "filename": "daemon/services/api/health_report_test.go",
        "hashed_secret": "90bd1b48e958257948487b90bee080ba5ed00caa",
        "is_verified": false,
        "line_number": 22
      },
      {
        "type": "Hex High Entropy String",
        "filename": "daemon/services/api/health_report_test.go",
        "hashed_secret": "ddac9d88c224b59388ab6552b5531130c71e0264",
        "is_verified": false,
        "line_number": 323
      }
    ],
    "daemon/services/collectors/disk_test.go": [
      {
        "type": "Base64 High Entropy String",
        "filename": "daemon/services/collectors/disk_test.go",
        "hashed_secret": "c139e60e0928df6ae8b0b721e4c8b6897f8e51ec",
        "is_verified": false,
        "line_number": 580
      }
    ],
    "daemon/services/controllers/docker_helpers_test.go": [
      {
        "type": "Hex High Entropy String",
        "filename": "daemon/services/controllers/docker_helpers_test.go",
        "hashed_secret": "6740d1ecb48c5c9ca3b2a3cb1ca2f4b4d4487473",
        "is_verified": false,
        "line_number": 19
      }
    ],
    "daemon/services/mqtt/client_coverage_test.go": [
      {
        "type": "Secret Keyword",
        "filename": "daemon/services/mqtt/client_coverage_test.go",
        "hashed_secret": "8bb6118f8fd6935ad0876a3be34a717d32708ffd",
        "is_verified": false,
        "line_number": 314
      }
    ],
    "daemon/services/mqtt/client_test.go": [
      {
        "type": "Secret Keyword",
        "filename": "daemon/services/mqtt/client_test.go",
        "hashed_secret": "f2b14f68eb995facb3a1c35287b778d5bd785511",
        "is_verified": false,
        "line_number": 211
      }
    ],
    "daemon/services/remediation/executor_test.go": [
      {
        "type": "Hex High Entropy String",
        "filename": "daemon/services/remediation/executor_test.go",
        "hashed_secret": "ef678205593788329ff416ce5c65fa04f33a05bd",
        "is_verified": false,
        "line_number": 61
      }
    ],
    "daemon/services/watchdog/probes_test.go": [
      {
        "type": "Hex High Entropy String",
        "filename": "daemon/services/watchdog/probes_test.go",
        "hashed_secret": "90bd1b48e958257948487b90bee080ba5ed00caa",
        "is_verified": false,
        "line_number": 257
      }
    ],
    "docs/api/rest-api.md": [
      {
        "type": "Hex High Entropy String",
        "filename": "docs/api/rest-api.md",
        "hashed_secret": "a05ffc3e0cce503156f2b887ea149bae29cc58e0",
        "is_verified": false,
        "line_number": 1823
      }
    ],
    "docs/integrations/agent.md": [
      {
        "type": "Base64 High Entropy String",
        "filename": "docs/integrations/agent.md",
        "hashed_secret": "e2d2710a235b2e82c4ef11c6e13cfd6638399a0f",
        "is_verified": false,
        "line_number": 316
      }
    ],
    "docs/integrations/mqtt.md": [
      {
        "type": "Hex High Entropy String",
        "filename": "docs/integrations/mqtt.md",
        "hashed_secret": "90bd1b48e958257948487b90bee080ba5ed00caa",
        "is_verified": false,
        "line_number": 136
      }
    ],
    "unraid-management-agent.plg": [
      {
        "type": "Hex High Entropy String",
        "filename": "unraid-management-agent.plg",
        "hashed_secret": "74363cff196132538ee448117e8ee9580ea5436d",
        "is_verified": false,
        "line_number": 13
      }
    ]
  },
  "generated_at": "2026-08-24T05:22:00Z"
}
